{"timestamp":"2026-08-22T19:17:37.627614","level":"info","event":"DAG bundles loaded: dags-folder","logger":"airflow.dag_processing.bundles.manager.DagBundlesManager"}
{"timestamp":"2026-08-22T19:17:37.628431","level":"info","event":"Filling up the DagBag from /opt/airflow/dags/zomato_batch.py","logger":"airflow.models.dagbag.DagBag"}
{"timestamp":"2026-08-22T19:17:37.675178","level":"info","event":"Tmp dir root location: /tmp","logger":"airflow.task.hooks.airflow.providers.standard.hooks.subprocess.SubprocessHook"}
{"timestamp":"2026-08-22T19:17:37.676364","level":"info","event":"Running command: ['/usr/bin/bash', '-c', '/opt/airflow/dbt_venv/bin/dbt build --select tag:ai --project-dir /opt/airflow/dbt/zomato --profiles-dir /opt/airflow/dbt/zomato']","logger":"airflow.task.hooks.airflow.providers.standard.hooks.subprocess.SubprocessHook"}
{"timestamp":"2026-08-22T19:17:37.687681","level":"info","event":"Output:","logger":"airflow.task.hooks.airflow.providers.standard.hooks.subprocess.SubprocessHook"}
{"timestamp":"2026-08-22T19:17:39.116209","level":"info","event":"\u001b[0m19:17:39  Running with dbt=1.12.2","logger":"airflow.task.hooks.airflow.providers.standard.hooks.subprocess.SubprocessHook"}
{"timestamp":"2026-08-22T19:17:39.540250","level":"info","event":"\u001b[0m19:17:39  Registered adapter: snowflake=1.8.4","logger":"airflow.task.hooks.airflow.providers.standard.hooks.subprocess.SubprocessHook"}
{"timestamp":"2026-08-22T19:17:39.703413","level":"info","event":"\u001b[0m19:17:39  [\u001b[33mWARNING\u001b[0m]: Configuration paths exist in your dbt_project.yml file which do not apply to any resources.","logger":"airflow.task.hooks.airflow.providers.standard.hooks.subprocess.SubprocessHook"}
{"timestamp":"2026-08-22T19:17:39.703632","level":"info","event":"There are 1 unused configuration paths:","logger":"airflow.task.hooks.airflow.providers.standard.hooks.subprocess.SubprocessHook"}
{"timestamp":"2026-08-22T19:17:39.703695","level":"info","event":"- models.snapshot.zomato","logger":"airflow.task.hooks.airflow.providers.standard.hooks.subprocess.SubprocessHook"}
{"timestamp":"2026-08-22T19:17:39.904034","level":"info","event":"\u001b[0m19:17:39  Found 17 models, 16 data tests, 8 sources, 506 macros","logger":"airflow.task.hooks.airflow.providers.standard.hooks.subprocess.SubprocessHook"}
{"timestamp":"2026-08-22T19:17:39.905604","level":"info","event":"\u001b[0m19:17:39","logger":"airflow.task.hooks.airflow.providers.standard.hooks.subprocess.SubprocessHook"}
{"timestamp":"2026-08-22T19:17:39.905943","level":"info","event":"\u001b[0m19:17:39  Concurrency: 8 threads (target='dev')","logger":"airflow.task.hooks.airflow.providers.standard.hooks.subprocess.SubprocessHook"}
{"timestamp":"2026-08-22T19:17:39.906165","level":"info","event":"\u001b[0m19:17:39","logger":"airflow.task.hooks.airflow.providers.standard.hooks.subprocess.SubprocessHook"}
{"timestamp":"2026-08-22T19:17:41.676811","level":"info","event":"\u001b[0m19:17:41  1 of 1 START sql table model marts.marts_reviews_insights ...................... [RUN]","logger":"airflow.task.hooks.airflow.providers.standard.hooks.subprocess.SubprocessHook"}
{"timestamp":"2026-08-22T19:17:43.471728","level":"info","event":"\u001b[0m19:17:43  1 of 1 OK created sql table model marts.marts_reviews_insights ................. [\u001b[32mSUCCESS 1\u001b[0m in 1.79s]","logger":"airflow.task.hooks.airflow.providers.standard.hooks.subprocess.SubprocessHook"}
{"timestamp":"2026-08-22T19:17:43.481398","level":"info","event":"\u001b[0m19:17:43","logger":"airflow.task.hooks.airflow.providers.standard.hooks.subprocess.SubprocessHook"}
{"timestamp":"2026-08-22T19:17:43.481667","level":"info","event":"\u001b[0m19:17:43  Finished running 1 table model in 0 hours 0 minutes and 3.57 seconds (3.57s).","logger":"airflow.task.hooks.airflow.providers.standard.hooks.subprocess.SubprocessHook"}
{"timestamp":"2026-08-22T19:17:43.556774","level":"info","event":"\u001b[0m19:17:43","logger":"airflow.task.hooks.airflow.providers.standard.hooks.subprocess.SubprocessHook"}
{"timestamp":"2026-08-22T19:17:43.557343","level":"info","event":"\u001b[0m19:17:43  \u001b[32mCompleted successfully\u001b[0m","logger":"airflow.task.hooks.airflow.providers.standard.hooks.subprocess.SubprocessHook"}
{"timestamp":"2026-08-22T19:17:43.557672","level":"info","event":"\u001b[0m19:17:43","logger":"airflow.task.hooks.airflow.providers.standard.hooks.subprocess.SubprocessHook"}
{"timestamp":"2026-08-22T19:17:43.558117","level":"info","event":"\u001b[0m19:17:43  Done. PASS=1 WARN=0 ERROR=0 SKIP=0 NO-OP=0 REUSED=0 TOTAL=1","logger":"airflow.task.hooks.airflow.providers.standard.hooks.subprocess.SubprocessHook"}
{"timestamp":"2026-08-22T19:17:45.489074","level":"info","event":"Command exited with return code 0","logger":"airflow.task.hooks.airflow.providers.standard.hooks.subprocess.SubprocessHook"}
{"timestamp":"2026-08-22T19:17:45.494960","level":"info","event":"Pushing xcom","ti":"RuntimeTaskInstance(id=UUID('01a02ae7-5d36-72f5-be4e-75eaab3e2497'), task_id='dbt_build_ai', dag_id='zomato_batch', run_id='manual__2026-08-22T19:16:40.862228+00:00', try_number=1, map_index=-1, hostname='59837d5115a4', context_carrier=None, task=<Task(BashOperator): dbt_build_ai>, bundle_instance=LocalDagBundle(name=dags-folder), max_tries=0, start_date=datetime.datetime(2026, 8, 22, 19, 17, 37, 537399, tzinfo=datetime.timezone.utc), end_date=None, state=<TaskInstanceState.RUNNING: 'running'>, is_mapped=False, rendered_map_index=None, log_url='http://localhost:8080/dags/zomato_batch/runs/manual__2026-08-22T19%3A16%3A40.862228%2B00%3A00/tasks/dbt_build_ai?try_number=1')","logger":"task"}
