{"timestamp":"2026-08-22T19:16:48.647245","level":"info","event":"DAG bundles loaded: dags-folder","logger":"airflow.dag_processing.bundles.manager.DagBundlesManager"}
{"timestamp":"2026-08-22T19:16:48.647828","level":"info","event":"Filling up the DagBag from /opt/airflow/dags/zomato_batch.py","logger":"airflow.models.dagbag.DagBag"}
{"timestamp":"2026-08-22T19:16:48.749184","level":"info","event":"Tmp dir root location: /tmp","logger":"airflow.task.hooks.airflow.providers.standard.hooks.subprocess.SubprocessHook"}
{"timestamp":"2026-08-22T19:16:48.750030","level":"info","event":"Running command: ['/usr/bin/bash', '-c', '/opt/airflow/dbt_venv/bin/dbt build --exclude tag:ai --project-dir /opt/airflow/dbt/zomato --profiles-dir /opt/airflow/dbt/zomato']","logger":"airflow.task.hooks.airflow.providers.standard.hooks.subprocess.SubprocessHook"}
{"timestamp":"2026-08-22T19:16:48.759293","level":"info","event":"Output:","logger":"airflow.task.hooks.airflow.providers.standard.hooks.subprocess.SubprocessHook"}
{"timestamp":"2026-08-22T19:16:50.604129","level":"info","event":"\u001b[0m19:16:50  Running with dbt=1.12.2","logger":"airflow.task.hooks.airflow.providers.standard.hooks.subprocess.SubprocessHook"}
{"timestamp":"2026-08-22T19:16:50.993414","level":"info","event":"\u001b[0m19:16:50  Registered adapter: snowflake=1.8.4","logger":"airflow.task.hooks.airflow.providers.standard.hooks.subprocess.SubprocessHook"}
{"timestamp":"2026-08-22T19:16:51.149771","level":"info","event":"\u001b[0m19:16:51  Unable to do partial parsing because profile has changed","logger":"airflow.task.hooks.airflow.providers.standard.hooks.subprocess.SubprocessHook"}
{"timestamp":"2026-08-22T19:16:52.076992","level":"info","event":"\u001b[0m19:16:52  [\u001b[33mWARNING\u001b[0m][MissingArgumentsPropertyInGenericTestDeprecation]: Deprecated","logger":"airflow.task.hooks.airflow.providers.standard.hooks.subprocess.SubprocessHook"}
{"timestamp":"2026-08-22T19:16:52.077119","level":"info","event":"functionality","logger":"airflow.task.hooks.airflow.providers.standard.hooks.subprocess.SubprocessHook"}
{"timestamp":"2026-08-22T19:16:52.077232","level":"info","event":"Found top-level arguments to test `relationships` defined on 'fact_orders' in","logger":"airflow.task.hooks.airflow.providers.standard.hooks.subprocess.SubprocessHook"}
{"timestamp":"2026-08-22T19:16:52.077332","level":"info","event":"package 'zomato' (models/marts/_marts.yml). Arguments to generic tests should be","logger":"airflow.task.hooks.airflow.providers.standard.hooks.subprocess.SubprocessHook"}
{"timestamp":"2026-08-22T19:16:52.077428","level":"info","event":"nested under the `arguments` property.","logger":"airflow.task.hooks.airflow.providers.standard.hooks.subprocess.SubprocessHook"}
{"timestamp":"2026-08-22T19:16:52.168383","level":"info","event":"\u001b[0m19:16:52  [\u001b[33mWARNING\u001b[0m]: Configuration paths exist in your dbt_project.yml file which do not apply to any resources.","logger":"airflow.task.hooks.airflow.providers.standard.hooks.subprocess.SubprocessHook"}
{"timestamp":"2026-08-22T19:16:52.168583","level":"info","event":"There are 1 unused configuration paths:","logger":"airflow.task.hooks.airflow.providers.standard.hooks.subprocess.SubprocessHook"}
{"timestamp":"2026-08-22T19:16:52.168631","level":"info","event":"- models.snapshot.zomato","logger":"airflow.task.hooks.airflow.providers.standard.hooks.subprocess.SubprocessHook"}
{"timestamp":"2026-08-22T19:16:52.276534","level":"info","event":"\u001b[0m19:16:52  Found 17 models, 16 data tests, 8 sources, 506 macros","logger":"airflow.task.hooks.airflow.providers.standard.hooks.subprocess.SubprocessHook"}
{"timestamp":"2026-08-22T19:16:52.279104","level":"info","event":"\u001b[0m19:16:52","logger":"airflow.task.hooks.airflow.providers.standard.hooks.subprocess.SubprocessHook"}
{"timestamp":"2026-08-22T19:16:52.279429","level":"info","event":"\u001b[0m19:16:52  Concurrency: 8 threads (target='dev')","logger":"airflow.task.hooks.airflow.providers.standard.hooks.subprocess.SubprocessHook"}
{"timestamp":"2026-08-22T19:16:52.279688","level":"info","event":"\u001b[0m19:16:52","logger":"airflow.task.hooks.airflow.providers.standard.hooks.subprocess.SubprocessHook"}
{"timestamp":"2026-08-22T19:16:54.339646","level":"info","event":"\u001b[0m19:16:54  1 of 30 START sql view model staging.stage_food ................................ [RUN]","logger":"airflow.task.hooks.airflow.providers.standard.hooks.subprocess.SubprocessHook"}
{"timestamp":"2026-08-22T19:16:54.340265","level":"info","event":"\u001b[0m19:16:54  2 of 30 START sql view model staging.stage_menu ................................ [RUN]","logger":"airflow.task.hooks.airflow.providers.standard.hooks.subprocess.SubprocessHook"}
{"timestamp":"2026-08-22T19:16:54.340587","level":"info","event":"\u001b[0m19:16:54  3 of 30 START sql view model staging.stage_order_items ......................... [RUN]","logger":"airflow.task.hooks.airflow.providers.standard.hooks.subprocess.SubprocessHook"}
{"timestamp":"2026-08-22T19:16:54.341075","level":"info","event":"\u001b[0m19:16:54  4 of 30 START sql view model staging.stage_orders .............................. [RUN]","logger":"airflow.task.hooks.airflow.providers.standard.hooks.subprocess.SubprocessHook"}
{"timestamp":"2026-08-22T19:16:54.342337","level":"info","event":"\u001b[0m19:16:54  5 of 30 START sql view model staging.stage_restaurants ......................... [RUN]","logger":"airflow.task.hooks.airflow.providers.standard.hooks.subprocess.SubprocessHook"}
{"timestamp":"2026-08-22T19:16:54.347628","level":"info","event":"\u001b[0m19:16:54  6 of 30 START sql view model staging.stage_users ............................... [RUN]","logger":"airflow.task.hooks.airflow.providers.standard.hooks.subprocess.SubprocessHook"}
{"timestamp":"2026-08-22T19:16:55.363400","level":"info","event":"\u001b[0m19:16:55  3 of 30 OK created sql view model staging.stage_order_items .................... [\u001b[32mSUCCESS 1\u001b[0m in 1.01s]","logger":"airflow.task.hooks.airflow.providers.standard.hooks.subprocess.SubprocessHook"}
{"timestamp":"2026-08-22T19:16:55.364105","level":"info","event":"\u001b[0m19:16:55  1 of 30 OK created sql view model staging.stage_food ........................... [\u001b[32mSUCCESS 1\u001b[0m in 1.02s]","logger":"airflow.task.hooks.airflow.providers.standard.hooks.subprocess.SubprocessHook"}
{"timestamp":"2026-08-22T19:16:55.366674","level":"info","event":"\u001b[0m19:16:55  7 of 30 START test not_null_stage_order_items_order_item_id .................... [RUN]","logger":"airflow.task.hooks.airflow.providers.standard.hooks.subprocess.SubprocessHook"}
{"timestamp":"2026-08-22T19:16:55.367027","level":"info","event":"\u001b[0m19:16:55  8 of 30 START test unique_stage_order_items_order_item_id ...................... [RUN]","logger":"airflow.task.hooks.airflow.providers.standard.hooks.subprocess.SubprocessHook"}
{"timestamp":"2026-08-22T19:16:55.384568","level":"info","event":"\u001b[0m19:16:55  2 of 30 OK created sql view model staging.stage_menu ........................... [\u001b[32mSUCCESS 1\u001b[0m in 1.04s]","logger":"airflow.task.hooks.airflow.providers.standard.hooks.subprocess.SubprocessHook"}
{"timestamp":"2026-08-22T19:16:55.428066","level":"info","event":"\u001b[0m19:16:55  5 of 30 OK created sql view model staging.stage_restaurants .................... [\u001b[32mSUCCESS 1\u001b[0m in 1.06s]","logger":"airflow.task.hooks.airflow.providers.standard.hooks.subprocess.SubprocessHook"}
{"timestamp":"2026-08-22T19:16:55.435382","level":"info","event":"\u001b[0m19:16:55  6 of 30 OK created sql view model staging.stage_users .......................... [\u001b[32mSUCCESS 1\u001b[0m in 1.08s]","logger":"airflow.task.hooks.airflow.providers.standard.hooks.subprocess.SubprocessHook"}
{"timestamp":"2026-08-22T19:16:55.441741","level":"info","event":"\u001b[0m19:16:55  4 of 30 OK created sql view model staging.stage_orders ......................... [\u001b[32mSUCCESS 1\u001b[0m in 1.09s]","logger":"airflow.task.hooks.airflow.providers.standard.hooks.subprocess.SubprocessHook"}
{"timestamp":"2026-08-22T19:16:55.449583","level":"info","event":"\u001b[0m19:16:55  9 of 30 START test not_null_stage_restaurants_restaurant_id .................... [RUN]","logger":"airflow.task.hooks.airflow.providers.standard.hooks.subprocess.SubprocessHook"}
{"timestamp":"2026-08-22T19:16:55.456423","level":"info","event":"\u001b[0m19:16:55  10 of 30 START test unique_stage_restaurants_restaurant_id ..................... [RUN]","logger":"airflow.task.hooks.airflow.providers.standard.hooks.subprocess.SubprocessHook"}
{"timestamp":"2026-08-22T19:16:55.457676","level":"info","event":"\u001b[0m19:16:55  11 of 30 START test not_null_stage_users_customer_id ........................... [RUN]","logger":"airflow.task.hooks.airflow.providers.standard.hooks.subprocess.SubprocessHook"}
{"timestamp":"2026-08-22T19:16:55.459991","level":"info","event":"\u001b[0m19:16:55  12 of 30 START test unique_stage_users_customer_id ............................. [RUN]","logger":"airflow.task.hooks.airflow.providers.standard.hooks.subprocess.SubprocessHook"}
{"timestamp":"2026-08-22T19:16:55.461408","level":"info","event":"\u001b[0m19:16:55  13 of 30 START test not_null_stage_orders_customer_id .......................... [RUN]","logger":"airflow.task.hooks.airflow.providers.standard.hooks.subprocess.SubprocessHook"}
{"timestamp":"2026-08-22T19:16:55.462254","level":"info","event":"\u001b[0m19:16:55  14 of 30 START test not_null_stage_orders_order_id ............................. [RUN]","logger":"airflow.task.hooks.airflow.providers.standard.hooks.subprocess.SubprocessHook"}
{"timestamp":"2026-08-22T19:16:56.286394","level":"info","event":"\u001b[0m19:16:56  7 of 30 PASS not_null_stage_order_items_order_item_id .......................... [\u001b[32mPASS\u001b[0m in 0.92s]","logger":"airflow.task.hooks.airflow.providers.standard.hooks.subprocess.SubprocessHook"}
{"timestamp":"2026-08-22T19:16:56.288202","level":"info","event":"\u001b[0m19:16:56  15 of 30 START test not_null_stage_orders_restaurant_id ........................ [RUN]","logger":"airflow.task.hooks.airflow.providers.standard.hooks.subprocess.SubprocessHook"}
{"timestamp":"2026-08-22T19:16:56.401350","level":"info","event":"\u001b[0m19:16:56  14 of 30 PASS not_null_stage_orders_order_id ................................... [\u001b[32mPASS\u001b[0m in 0.93s]","logger":"airflow.task.hooks.airflow.providers.standard.hooks.subprocess.SubprocessHook"}
{"timestamp":"2026-08-22T19:16:56.401941","level":"info","event":"\u001b[0m19:16:56  10 of 30 PASS unique_stage_restaurants_restaurant_id ........................... [\u001b[32mPASS\u001b[0m in 0.94s]","logger":"airflow.task.hooks.airflow.providers.standard.hooks.subprocess.SubprocessHook"}
{"timestamp":"2026-08-22T19:16:56.404065","level":"info","event":"\u001b[0m19:16:56  11 of 30 PASS not_null_stage_users_customer_id ................................. [\u001b[32mPASS\u001b[0m in 0.94s]","logger":"airflow.task.hooks.airflow.providers.standard.hooks.subprocess.SubprocessHook"}
{"timestamp":"2026-08-22T19:16:56.404534","level":"info","event":"\u001b[0m19:16:56  16 of 30 START test unique_stage_orders_order_id ............................... [RUN]","logger":"airflow.task.hooks.airflow.providers.standard.hooks.subprocess.SubprocessHook"}
{"timestamp":"2026-08-22T19:16:56.405943","level":"info","event":"\u001b[0m19:16:56  12 of 30 PASS unique_stage_users_customer_id ................................... [\u001b[32mPASS\u001b[0m in 0.94s]","logger":"airflow.task.hooks.airflow.providers.standard.hooks.subprocess.SubprocessHook"}
{"timestamp":"2026-08-22T19:16:56.413354","level":"info","event":"\u001b[0m19:16:56  17 of 30 START sql table model marts.dim_customer .............................. [RUN]","logger":"airflow.task.hooks.airflow.providers.standard.hooks.subprocess.SubprocessHook"}
{"timestamp":"2026-08-22T19:16:56.413976","level":"info","event":"\u001b[0m19:16:56  9 of 30 PASS not_null_stage_restaurants_restaurant_id .......................... [\u001b[32mPASS\u001b[0m in 0.95s]","logger":"airflow.task.hooks.airflow.providers.standard.hooks.subprocess.SubprocessHook"}
{"timestamp":"2026-08-22T19:16:56.414901","level":"info","event":"\u001b[0m19:16:56  13 of 30 PASS not_null_stage_orders_customer_id ................................ [\u001b[32mPASS\u001b[0m in 0.95s]","logger":"airflow.task.hooks.airflow.providers.standard.hooks.subprocess.SubprocessHook"}
{"timestamp":"2026-08-22T19:16:56.419677","level":"info","event":"\u001b[0m19:16:56  18 of 30 START sql table model marts.dim_restaurants ........................... [RUN]","logger":"airflow.task.hooks.airflow.providers.standard.hooks.subprocess.SubprocessHook"}
{"timestamp":"2026-08-22T19:16:56.420181","level":"info","event":"\u001b[0m19:16:56  19 of 30 START sql view model staging.stage_reviews ............................ [RUN]","logger":"airflow.task.hooks.airflow.providers.standard.hooks.subprocess.SubprocessHook"}
{"timestamp":"2026-08-22T19:16:56.802321","level":"info","event":"\u001b[0m19:16:56  8 of 30 PASS unique_stage_order_items_order_item_id ............................ [\u001b[32mPASS\u001b[0m in 1.43s]","logger":"airflow.task.hooks.airflow.providers.standard.hooks.subprocess.SubprocessHook"}
{"timestamp":"2026-08-22T19:16:57.045344","level":"info","event":"\u001b[0m19:16:57  15 of 30 PASS not_null_stage_orders_restaurant_id .............................. [\u001b[32mPASS\u001b[0m in 0.76s]","logger":"airflow.task.hooks.airflow.providers.standard.hooks.subprocess.SubprocessHook"}
{"timestamp":"2026-08-22T19:16:57.232482","level":"info","event":"\u001b[0m19:16:57  16 of 30 PASS unique_stage_orders_order_id ..................................... [\u001b[32mPASS\u001b[0m in 0.83s]","logger":"airflow.task.hooks.airflow.providers.standard.hooks.subprocess.SubprocessHook"}
{"timestamp":"2026-08-22T19:16:57.239045","level":"info","event":"\u001b[0m19:16:57  20 of 30 START sql incremental model marts.fact_order_items .................... [RUN]","logger":"airflow.task.hooks.airflow.providers.standard.hooks.subprocess.SubprocessHook"}
{"timestamp":"2026-08-22T19:16:57.239587","level":"info","event":"\u001b[0m19:16:57  21 of 30 START sql incremental model marts.fact_orders ......................... [RUN]","logger":"airflow.task.hooks.airflow.providers.standard.hooks.subprocess.SubprocessHook"}
{"timestamp":"2026-08-22T19:16:57.427805","level":"info","event":"\u001b[0m19:16:57  19 of 30 OK created sql view model staging.stage_reviews ....................... [\u001b[32mSUCCESS 1\u001b[0m in 1.00s]","logger":"airflow.task.hooks.airflow.providers.standard.hooks.subprocess.SubprocessHook"}
{"timestamp":"2026-08-22T19:16:57.429818","level":"info","event":"\u001b[0m19:16:57  22 of 30 START test not_null_stage_reviews_review_id ........................... [RUN]","logger":"airflow.task.hooks.airflow.providers.standard.hooks.subprocess.SubprocessHook"}
{"timestamp":"2026-08-22T19:16:57.430200","level":"info","event":"\u001b[0m19:16:57  23 of 30 START test unique_stage_reviews_review_id ............................. [RUN]","logger":"airflow.task.hooks.airflow.providers.standard.hooks.subprocess.SubprocessHook"}
{"timestamp":"2026-08-22T19:16:57.845972","level":"info","event":"\u001b[0m19:16:57  18 of 30 OK created sql table model marts.dim_restaurants ...................... [\u001b[32mSUCCESS 1\u001b[0m in 1.42s]","logger":"airflow.task.hooks.airflow.providers.standard.hooks.subprocess.SubprocessHook"}
{"timestamp":"2026-08-22T19:16:57.963493","level":"info","event":"\u001b[0m19:16:57  17 of 30 OK created sql table model marts.dim_customer ......................... [\u001b[32mSUCCESS 1\u001b[0m in 1.55s]","logger":"airflow.task.hooks.airflow.providers.standard.hooks.subprocess.SubprocessHook"}
{"timestamp":"2026-08-22T19:16:58.282059","level":"info","event":"\u001b[0m19:16:58  23 of 30 PASS unique_stage_reviews_review_id ................................... [\u001b[32mPASS\u001b[0m in 0.85s]","logger":"airflow.task.hooks.airflow.providers.standard.hooks.subprocess.SubprocessHook"}
{"timestamp":"2026-08-22T19:16:58.286831","level":"info","event":"\u001b[0m19:16:58  22 of 30 PASS not_null_stage_reviews_review_id ................................. [\u001b[32mPASS\u001b[0m in 0.86s]","logger":"airflow.task.hooks.airflow.providers.standard.hooks.subprocess.SubprocessHook"}
{"timestamp":"2026-08-22T19:16:59.681590","level":"info","event":"\u001b[0m19:16:59  20 of 30 OK created sql incremental model marts.fact_order_items ............... [\u001b[32mSUCCESS 0\u001b[0m in 2.43s]","logger":"airflow.task.hooks.airflow.providers.standard.hooks.subprocess.SubprocessHook"}
{"timestamp":"2026-08-22T19:16:59.683386","level":"info","event":"\u001b[0m19:16:59  21 of 30 OK created sql incremental model marts.fact_orders .................... [\u001b[32mSUCCESS 0\u001b[0m in 2.44s]","logger":"airflow.task.hooks.airflow.providers.standard.hooks.subprocess.SubprocessHook"}
{"timestamp":"2026-08-22T19:16:59.697846","level":"info","event":"\u001b[0m19:16:59  24 of 30 START test accepted_values_fact_orders_order_status__Delivered__Cancelled__Refunded  [RUN]","logger":"airflow.task.hooks.airflow.providers.standard.hooks.subprocess.SubprocessHook"}
{"timestamp":"2026-08-22T19:16:59.700245","level":"info","event":"\u001b[0m19:16:59  25 of 30 START test not_null_fact_orders_order_id .............................. [RUN]","logger":"airflow.task.hooks.airflow.providers.standard.hooks.subprocess.SubprocessHook"}
{"timestamp":"2026-08-22T19:16:59.701312","level":"info","event":"\u001b[0m19:16:59  26 of 30 START test relationships_fact_orders_customer_id__customer_id__ref_dim_customer_  [RUN]","logger":"airflow.task.hooks.airflow.providers.standard.hooks.subprocess.SubprocessHook"}
{"timestamp":"2026-08-22T19:16:59.706738","level":"info","event":"\u001b[0m19:16:59  27 of 30 START test unique_fact_orders_order_id ................................ [RUN]","logger":"airflow.task.hooks.airflow.providers.standard.hooks.subprocess.SubprocessHook"}
{"timestamp":"2026-08-22T19:17:00.626442","level":"info","event":"\u001b[0m19:17:00  25 of 30 PASS not_null_fact_orders_order_id .................................... [\u001b[32mPASS\u001b[0m in 0.92s]","logger":"airflow.task.hooks.airflow.providers.standard.hooks.subprocess.SubprocessHook"}
{"timestamp":"2026-08-22T19:17:01.031125","level":"info","event":"\u001b[0m19:17:01  24 of 30 PASS accepted_values_fact_orders_order_status__Delivered__Cancelled__Refunded  [\u001b[32mPASS\u001b[0m in 1.33s]","logger":"airflow.task.hooks.airflow.providers.standard.hooks.subprocess.SubprocessHook"}
{"timestamp":"2026-08-22T19:17:01.138880","level":"info","event":"\u001b[0m19:17:01  26 of 30 PASS relationships_fact_orders_customer_id__customer_id__ref_dim_customer_  [\u001b[32mPASS\u001b[0m in 1.43s]","logger":"airflow.task.hooks.airflow.providers.standard.hooks.subprocess.SubprocessHook"}
{"timestamp":"2026-08-22T19:17:01.141260","level":"info","event":"\u001b[0m19:17:01  27 of 30 PASS unique_fact_orders_order_id ...................................... [\u001b[32mPASS\u001b[0m in 1.43s]","logger":"airflow.task.hooks.airflow.providers.standard.hooks.subprocess.SubprocessHook"}
{"timestamp":"2026-08-22T19:17:01.150682","level":"info","event":"\u001b[0m19:17:01  28 of 30 START sql table model marts.mart_daily_city_revenue ................... [RUN]","logger":"airflow.task.hooks.airflow.providers.standard.hooks.subprocess.SubprocessHook"}
{"timestamp":"2026-08-22T19:17:01.151785","level":"info","event":"\u001b[0m19:17:01  29 of 30 START sql table model marts.mart_delivery_sla ......................... [RUN]","logger":"airflow.task.hooks.airflow.providers.standard.hooks.subprocess.SubprocessHook"}
{"timestamp":"2026-08-22T19:17:01.152872","level":"info","event":"\u001b[0m19:17:01  30 of 30 START sql table model marts.mart_restaurant_performance ............... [RUN]","logger":"airflow.task.hooks.airflow.providers.standard.hooks.subprocess.SubprocessHook"}
{"timestamp":"2026-08-22T19:17:04.286632","level":"info","event":"\u001b[0m19:17:04  28 of 30 OK created sql table model marts.mart_daily_city_revenue .............. [\u001b[32mSUCCESS 1\u001b[0m in 3.12s]","logger":"airflow.task.hooks.airflow.providers.standard.hooks.subprocess.SubprocessHook"}
{"timestamp":"2026-08-22T19:17:05.830269","level":"info","event":"\u001b[0m19:17:05  29 of 30 OK created sql table model marts.mart_delivery_sla .................... [\u001b[32mSUCCESS 1\u001b[0m in 4.67s]","logger":"airflow.task.hooks.airflow.providers.standard.hooks.subprocess.SubprocessHook"}
{"timestamp":"2026-08-22T19:17:05.836081","level":"info","event":"\u001b[0m19:17:05  30 of 30 OK created sql table model marts.mart_restaurant_performance .......... [\u001b[32mSUCCESS 1\u001b[0m in 4.68s]","logger":"airflow.task.hooks.airflow.providers.standard.hooks.subprocess.SubprocessHook"}
{"timestamp":"2026-08-22T19:17:05.851681","level":"info","event":"\u001b[0m19:17:05","logger":"airflow.task.hooks.airflow.providers.standard.hooks.subprocess.SubprocessHook"}
{"timestamp":"2026-08-22T19:17:05.852047","level":"info","event":"\u001b[0m19:17:05  Finished running 2 incremental models, 5 table models, 16 data tests, 7 view models in 0 hours 0 minutes and 13.57 seconds (13.57s).","logger":"airflow.task.hooks.airflow.providers.standard.hooks.subprocess.SubprocessHook"}
{"timestamp":"2026-08-22T19:17:05.938320","level":"info","event":"\u001b[0m19:17:05","logger":"airflow.task.hooks.airflow.providers.standard.hooks.subprocess.SubprocessHook"}
{"timestamp":"2026-08-22T19:17:05.938688","level":"info","event":"\u001b[0m19:17:05  \u001b[32mCompleted successfully\u001b[0m","logger":"airflow.task.hooks.airflow.providers.standard.hooks.subprocess.SubprocessHook"}
{"timestamp":"2026-08-22T19:17:05.939022","level":"info","event":"\u001b[0m19:17:05","logger":"airflow.task.hooks.airflow.providers.standard.hooks.subprocess.SubprocessHook"}
{"timestamp":"2026-08-22T19:17:05.939835","level":"info","event":"\u001b[0m19:17:05  Done. PASS=30 WARN=0 ERROR=0 SKIP=0 NO-OP=0 REUSED=0 TOTAL=30","logger":"airflow.task.hooks.airflow.providers.standard.hooks.subprocess.SubprocessHook"}
{"timestamp":"2026-08-22T19:17:05.944582","level":"info","event":"\u001b[0m19:17:05  [\u001b[33mWARNING\u001b[0m][DeprecationsSummary]: Deprecated functionality","logger":"airflow.task.hooks.airflow.providers.standard.hooks.subprocess.SubprocessHook"}
{"timestamp":"2026-08-22T19:17:05.944676","level":"info","event":"Summary of encountered deprecations:","logger":"airflow.task.hooks.airflow.providers.standard.hooks.subprocess.SubprocessHook"}
{"timestamp":"2026-08-22T19:17:05.944719","level":"info","event":"- MissingArgumentsPropertyInGenericTestDeprecation: 2 occurrences","logger":"airflow.task.hooks.airflow.providers.standard.hooks.subprocess.SubprocessHook"}
{"timestamp":"2026-08-22T19:17:05.944759","level":"info","event":"To see all deprecation instances instead of just the first occurrence of each,","logger":"airflow.task.hooks.airflow.providers.standard.hooks.subprocess.SubprocessHook"}
{"timestamp":"2026-08-22T19:17:05.944787","level":"info","event":"run command again with the `--show-all-deprecations` flag. You may also need to","logger":"airflow.task.hooks.airflow.providers.standard.hooks.subprocess.SubprocessHook"}
{"timestamp":"2026-08-22T19:17:05.944807","level":"info","event":"run with `--no-partial-parse` as some deprecations are only encountered during","logger":"airflow.task.hooks.airflow.providers.standard.hooks.subprocess.SubprocessHook"}
{"timestamp":"2026-08-22T19:17:05.944836","level":"info","event":"parsing.","logger":"airflow.task.hooks.airflow.providers.standard.hooks.subprocess.SubprocessHook"}
{"timestamp":"2026-08-22T19:17:09.269816","level":"info","event":"Command exited with return code 0","logger":"airflow.task.hooks.airflow.providers.standard.hooks.subprocess.SubprocessHook"}
{"timestamp":"2026-08-22T19:17:09.279021","level":"info","event":"Pushing xcom","ti":"RuntimeTaskInstance(id=UUID('01a02ae7-5d34-76b6-8005-c575df8a69a1'), task_id='dbt_build_core', dag_id='zomato_batch', run_id='manual__2026-08-22T19:16:40.862228+00:00', try_number=1, map_index=-1, hostname='59837d5115a4', context_carrier=None, task=<Task(BashOperator): dbt_build_core>, bundle_instance=LocalDagBundle(name=dags-folder), max_tries=0, start_date=datetime.datetime(2026, 8, 22, 19, 16, 48, 572017, tzinfo=datetime.timezone.utc), end_date=None, state=<TaskInstanceState.RUNNING: 'running'>, is_mapped=False, rendered_map_index=None, log_url='http://localhost:8080/dags/zomato_batch/runs/manual__2026-08-22T19%3A16%3A40.862228%2B00%3A00/tasks/dbt_build_core?try_number=1')","logger":"task"}
