{"timestamp":"2026-08-22T19:16:46.584424","level":"info","event":"DAG bundles loaded: dags-folder","logger":"airflow.dag_processing.bundles.manager.DagBundlesManager"}
{"timestamp":"2026-08-22T19:16:46.587473","level":"info","event":"Filling up the DagBag from /opt/airflow/dags/zomato_batch.py","logger":"airflow.models.dagbag.DagBag"}
{"timestamp":"2026-08-22T19:16:46.692874","level":"info","event":"Tmp dir root location: /tmp","logger":"airflow.task.hooks.airflow.providers.standard.hooks.subprocess.SubprocessHook"}
{"timestamp":"2026-08-22T19:16:46.697422","level":"info","event":"Running command: ['/usr/bin/bash', '-c', '/opt/airflow/dbt_venv/bin/dbt build --exclude tag:ai --project-dir /opt/airflow/dbt/zomato --profiles-dir /opt/airflow/dbt/zomato']","logger":"airflow.task.hooks.airflow.providers.standard.hooks.subprocess.SubprocessHook"}
{"timestamp":"2026-08-22T19:16:46.712493","level":"info","event":"Output:","logger":"airflow.task.hooks.airflow.providers.standard.hooks.subprocess.SubprocessHook"}
{"timestamp":"2026-08-22T19:16:49.053694","level":"info","event":"\u001b[0m19:16:49  Running with dbt=1.12.2","logger":"airflow.task.hooks.airflow.providers.standard.hooks.subprocess.SubprocessHook"}
{"timestamp":"2026-08-22T19:16:49.796674","level":"info","event":"\u001b[0m19:16:49  Registered adapter: snowflake=1.8.4","logger":"airflow.task.hooks.airflow.providers.standard.hooks.subprocess.SubprocessHook"}
{"timestamp":"2026-08-22T19:16:49.981993","level":"info","event":"\u001b[0m19:16:49  Unable to do partial parsing because profile has changed","logger":"airflow.task.hooks.airflow.providers.standard.hooks.subprocess.SubprocessHook"}
{"timestamp":"2026-08-22T19:16:51.089265","level":"info","event":"\u001b[0m19:16:51  [\u001b[33mWARNING\u001b[0m][MissingArgumentsPropertyInGenericTestDeprecation]: Deprecated","logger":"airflow.task.hooks.airflow.providers.standard.hooks.subprocess.SubprocessHook"}
{"timestamp":"2026-08-22T19:16:51.089968","level":"info","event":"functionality","logger":"airflow.task.hooks.airflow.providers.standard.hooks.subprocess.SubprocessHook"}
{"timestamp":"2026-08-22T19:16:51.090044","level":"info","event":"Found top-level arguments to test `relationships` defined on 'fact_orders' in","logger":"airflow.task.hooks.airflow.providers.standard.hooks.subprocess.SubprocessHook"}
{"timestamp":"2026-08-22T19:16:51.090103","level":"info","event":"package 'zomato' (models/marts/_marts.yml). Arguments to generic tests should be","logger":"airflow.task.hooks.airflow.providers.standard.hooks.subprocess.SubprocessHook"}
{"timestamp":"2026-08-22T19:16:51.090212","level":"info","event":"nested under the `arguments` property.","logger":"airflow.task.hooks.airflow.providers.standard.hooks.subprocess.SubprocessHook"}
{"timestamp":"2026-08-22T19:16:51.181450","level":"info","event":"\u001b[0m19:16:51  [\u001b[33mWARNING\u001b[0m]: Configuration paths exist in your dbt_project.yml file which do not apply to any resources.","logger":"airflow.task.hooks.airflow.providers.standard.hooks.subprocess.SubprocessHook"}
{"timestamp":"2026-08-22T19:16:51.181648","level":"info","event":"There are 1 unused configuration paths:","logger":"airflow.task.hooks.airflow.providers.standard.hooks.subprocess.SubprocessHook"}
{"timestamp":"2026-08-22T19:16:51.181691","level":"info","event":"- models.snapshot.zomato","logger":"airflow.task.hooks.airflow.providers.standard.hooks.subprocess.SubprocessHook"}
{"timestamp":"2026-08-22T19:16:51.311108","level":"info","event":"\u001b[0m19:16:51  Found 17 models, 16 data tests, 8 sources, 506 macros","logger":"airflow.task.hooks.airflow.providers.standard.hooks.subprocess.SubprocessHook"}
{"timestamp":"2026-08-22T19:16:51.313760","level":"info","event":"\u001b[0m19:16:51","logger":"airflow.task.hooks.airflow.providers.standard.hooks.subprocess.SubprocessHook"}
{"timestamp":"2026-08-22T19:16:51.314001","level":"info","event":"\u001b[0m19:16:51  Concurrency: 8 threads (target='dev')","logger":"airflow.task.hooks.airflow.providers.standard.hooks.subprocess.SubprocessHook"}
{"timestamp":"2026-08-22T19:16:51.314238","level":"info","event":"\u001b[0m19:16:51","logger":"airflow.task.hooks.airflow.providers.standard.hooks.subprocess.SubprocessHook"}
{"timestamp":"2026-08-22T19:16:53.838814","level":"info","event":"\u001b[0m19:16:53  1 of 30 START sql view model staging.stage_food ................................ [RUN]","logger":"airflow.task.hooks.airflow.providers.standard.hooks.subprocess.SubprocessHook"}
{"timestamp":"2026-08-22T19:16:53.840381","level":"info","event":"\u001b[0m19:16:53  2 of 30 START sql view model staging.stage_menu ................................ [RUN]","logger":"airflow.task.hooks.airflow.providers.standard.hooks.subprocess.SubprocessHook"}
{"timestamp":"2026-08-22T19:16:53.841210","level":"info","event":"\u001b[0m19:16:53  3 of 30 START sql view model staging.stage_order_items ......................... [RUN]","logger":"airflow.task.hooks.airflow.providers.standard.hooks.subprocess.SubprocessHook"}
{"timestamp":"2026-08-22T19:16:53.842104","level":"info","event":"\u001b[0m19:16:53  4 of 30 START sql view model staging.stage_orders .............................. [RUN]","logger":"airflow.task.hooks.airflow.providers.standard.hooks.subprocess.SubprocessHook"}
{"timestamp":"2026-08-22T19:16:53.847349","level":"info","event":"\u001b[0m19:16:53  5 of 30 START sql view model staging.stage_restaurants ......................... [RUN]","logger":"airflow.task.hooks.airflow.providers.standard.hooks.subprocess.SubprocessHook"}
{"timestamp":"2026-08-22T19:16:53.848276","level":"info","event":"\u001b[0m19:16:53  6 of 30 START sql view model staging.stage_users ............................... [RUN]","logger":"airflow.task.hooks.airflow.providers.standard.hooks.subprocess.SubprocessHook"}
{"timestamp":"2026-08-22T19:16:54.960377","level":"info","event":"\u001b[0m19:16:54  5 of 30 OK created sql view model staging.stage_restaurants .................... [\u001b[32mSUCCESS 1\u001b[0m in 1.10s]","logger":"airflow.task.hooks.airflow.providers.standard.hooks.subprocess.SubprocessHook"}
{"timestamp":"2026-08-22T19:16:54.964573","level":"info","event":"\u001b[0m19:16:54  7 of 30 START test not_null_stage_restaurants_restaurant_id .................... [RUN]","logger":"airflow.task.hooks.airflow.providers.standard.hooks.subprocess.SubprocessHook"}
{"timestamp":"2026-08-22T19:16:54.965819","level":"info","event":"\u001b[0m19:16:54  8 of 30 START test unique_stage_restaurants_restaurant_id ...................... [RUN]","logger":"airflow.task.hooks.airflow.providers.standard.hooks.subprocess.SubprocessHook"}
{"timestamp":"2026-08-22T19:16:54.969377","level":"info","event":"\u001b[0m19:16:54  3 of 30 OK created sql view model staging.stage_order_items .................... [\u001b[32mSUCCESS 1\u001b[0m in 1.12s]","logger":"airflow.task.hooks.airflow.providers.standard.hooks.subprocess.SubprocessHook"}
{"timestamp":"2026-08-22T19:16:54.970601","level":"info","event":"\u001b[0m19:16:54  6 of 30 OK created sql view model staging.stage_users .......................... [\u001b[32mSUCCESS 1\u001b[0m in 1.11s]","logger":"airflow.task.hooks.airflow.providers.standard.hooks.subprocess.SubprocessHook"}
{"timestamp":"2026-08-22T19:16:54.992935","level":"info","event":"\u001b[0m19:16:54  9 of 30 START test not_null_stage_order_items_order_item_id .................... [RUN]","logger":"airflow.task.hooks.airflow.providers.standard.hooks.subprocess.SubprocessHook"}
{"timestamp":"2026-08-22T19:16:54.993308","level":"info","event":"\u001b[0m19:16:54  10 of 30 START test unique_stage_order_items_order_item_id ..................... [RUN]","logger":"airflow.task.hooks.airflow.providers.standard.hooks.subprocess.SubprocessHook"}
{"timestamp":"2026-08-22T19:16:54.993870","level":"info","event":"\u001b[0m19:16:54  11 of 30 START test not_null_stage_users_customer_id ........................... [RUN]","logger":"airflow.task.hooks.airflow.providers.standard.hooks.subprocess.SubprocessHook"}
{"timestamp":"2026-08-22T19:16:55.229974","level":"info","event":"\u001b[0m19:16:55  4 of 30 OK created sql view model staging.stage_orders ......................... [\u001b[32mSUCCESS 1\u001b[0m in 1.38s]","logger":"airflow.task.hooks.airflow.providers.standard.hooks.subprocess.SubprocessHook"}
{"timestamp":"2026-08-22T19:16:55.231126","level":"info","event":"\u001b[0m19:16:55  12 of 30 START test unique_stage_users_customer_id ............................. [RUN]","logger":"airflow.task.hooks.airflow.providers.standard.hooks.subprocess.SubprocessHook"}
{"timestamp":"2026-08-22T19:16:55.246426","level":"info","event":"\u001b[0m19:16:55  2 of 30 OK created sql view model staging.stage_menu ........................... [\u001b[32mSUCCESS 1\u001b[0m in 1.39s]","logger":"airflow.task.hooks.airflow.providers.standard.hooks.subprocess.SubprocessHook"}
{"timestamp":"2026-08-22T19:16:55.247603","level":"info","event":"\u001b[0m19:16:55  1 of 30 OK created sql view model staging.stage_food ........................... [\u001b[32mSUCCESS 1\u001b[0m in 1.40s]","logger":"airflow.task.hooks.airflow.providers.standard.hooks.subprocess.SubprocessHook"}
{"timestamp":"2026-08-22T19:16:55.252584","level":"info","event":"\u001b[0m19:16:55  13 of 30 START test not_null_stage_orders_customer_id .......................... [RUN]","logger":"airflow.task.hooks.airflow.providers.standard.hooks.subprocess.SubprocessHook"}
{"timestamp":"2026-08-22T19:16:55.253477","level":"info","event":"\u001b[0m19:16:55  14 of 30 START test not_null_stage_orders_order_id ............................. [RUN]","logger":"airflow.task.hooks.airflow.providers.standard.hooks.subprocess.SubprocessHook"}
{"timestamp":"2026-08-22T19:16:55.911163","level":"info","event":"\u001b[0m19:16:55  9 of 30 PASS not_null_stage_order_items_order_item_id .......................... [\u001b[32mPASS\u001b[0m in 0.91s]","logger":"airflow.task.hooks.airflow.providers.standard.hooks.subprocess.SubprocessHook"}
{"timestamp":"2026-08-22T19:16:55.926625","level":"info","event":"\u001b[0m19:16:55  11 of 30 PASS not_null_stage_users_customer_id ................................. [\u001b[32mPASS\u001b[0m in 0.93s]","logger":"airflow.task.hooks.airflow.providers.standard.hooks.subprocess.SubprocessHook"}
{"timestamp":"2026-08-22T19:16:55.927250","level":"info","event":"\u001b[0m19:16:55  15 of 30 START test not_null_stage_orders_restaurant_id ........................ [RUN]","logger":"airflow.task.hooks.airflow.providers.standard.hooks.subprocess.SubprocessHook"}
{"timestamp":"2026-08-22T19:16:55.928213","level":"info","event":"\u001b[0m19:16:55  7 of 30 PASS not_null_stage_restaurants_restaurant_id .......................... [\u001b[32mPASS\u001b[0m in 0.96s]","logger":"airflow.task.hooks.airflow.providers.standard.hooks.subprocess.SubprocessHook"}
{"timestamp":"2026-08-22T19:16:55.930600","level":"info","event":"\u001b[0m19:16:55  16 of 30 START test unique_stage_orders_order_id ............................... [RUN]","logger":"airflow.task.hooks.airflow.providers.standard.hooks.subprocess.SubprocessHook"}
{"timestamp":"2026-08-22T19:16:56.096840","level":"info","event":"\u001b[0m19:16:56  14 of 30 PASS not_null_stage_orders_order_id ................................... [\u001b[32mPASS\u001b[0m in 0.84s]","logger":"airflow.task.hooks.airflow.providers.standard.hooks.subprocess.SubprocessHook"}
{"timestamp":"2026-08-22T19:16:56.187223","level":"info","event":"\u001b[0m19:16:56  8 of 30 PASS unique_stage_restaurants_restaurant_id ............................ [\u001b[32mPASS\u001b[0m in 1.22s]","logger":"airflow.task.hooks.airflow.providers.standard.hooks.subprocess.SubprocessHook"}
{"timestamp":"2026-08-22T19:16:56.188512","level":"info","event":"\u001b[0m19:16:56  13 of 30 PASS not_null_stage_orders_customer_id ................................ [\u001b[32mPASS\u001b[0m in 0.93s]","logger":"airflow.task.hooks.airflow.providers.standard.hooks.subprocess.SubprocessHook"}
{"timestamp":"2026-08-22T19:16:56.193634","level":"info","event":"\u001b[0m19:16:56  17 of 30 START sql table model marts.dim_restaurants ........................... [RUN]","logger":"airflow.task.hooks.airflow.providers.standard.hooks.subprocess.SubprocessHook"}
{"timestamp":"2026-08-22T19:16:56.194848","level":"info","event":"\u001b[0m19:16:56  18 of 30 START sql view model staging.stage_reviews ............................ [RUN]","logger":"airflow.task.hooks.airflow.providers.standard.hooks.subprocess.SubprocessHook"}
{"timestamp":"2026-08-22T19:16:56.364615","level":"info","event":"\u001b[0m19:16:56  12 of 30 PASS unique_stage_users_customer_id ................................... [\u001b[32mPASS\u001b[0m in 1.13s]","logger":"airflow.task.hooks.airflow.providers.standard.hooks.subprocess.SubprocessHook"}
{"timestamp":"2026-08-22T19:16:56.366462","level":"info","event":"\u001b[0m19:16:56  19 of 30 START sql table model marts.dim_customer .............................. [RUN]","logger":"airflow.task.hooks.airflow.providers.standard.hooks.subprocess.SubprocessHook"}
{"timestamp":"2026-08-22T19:16:56.432740","level":"info","event":"\u001b[0m19:16:56  10 of 30 PASS unique_stage_order_items_order_item_id ........................... [\u001b[32mPASS\u001b[0m in 1.44s]","logger":"airflow.task.hooks.airflow.providers.standard.hooks.subprocess.SubprocessHook"}
{"timestamp":"2026-08-22T19:16:56.800320","level":"info","event":"\u001b[0m19:16:56  15 of 30 PASS not_null_stage_orders_restaurant_id .............................. [\u001b[32mPASS\u001b[0m in 0.87s]","logger":"airflow.task.hooks.airflow.providers.standard.hooks.subprocess.SubprocessHook"}
{"timestamp":"2026-08-22T19:16:57.018283","level":"info","event":"\u001b[0m19:16:57  18 of 30 OK created sql view model staging.stage_reviews ....................... [\u001b[32mSUCCESS 1\u001b[0m in 0.82s]","logger":"airflow.task.hooks.airflow.providers.standard.hooks.subprocess.SubprocessHook"}
{"timestamp":"2026-08-22T19:16:57.022909","level":"info","event":"\u001b[0m19:16:57  20 of 30 START test not_null_stage_reviews_review_id ........................... [RUN]","logger":"airflow.task.hooks.airflow.providers.standard.hooks.subprocess.SubprocessHook"}
{"timestamp":"2026-08-22T19:16:57.025288","level":"info","event":"\u001b[0m19:16:57  21 of 30 START test unique_stage_reviews_review_id ............................. [RUN]","logger":"airflow.task.hooks.airflow.providers.standard.hooks.subprocess.SubprocessHook"}
{"timestamp":"2026-08-22T19:16:57.120228","level":"info","event":"\u001b[0m19:16:57  16 of 30 PASS unique_stage_orders_order_id ..................................... [\u001b[32mPASS\u001b[0m in 1.18s]","logger":"airflow.task.hooks.airflow.providers.standard.hooks.subprocess.SubprocessHook"}
{"timestamp":"2026-08-22T19:16:57.122320","level":"info","event":"\u001b[0m19:16:57  22 of 30 START sql incremental model marts.fact_order_items .................... [RUN]","logger":"airflow.task.hooks.airflow.providers.standard.hooks.subprocess.SubprocessHook"}
{"timestamp":"2026-08-22T19:16:57.122908","level":"info","event":"\u001b[0m19:16:57  23 of 30 START sql incremental model marts.fact_orders ......................... [RUN]","logger":"airflow.task.hooks.airflow.providers.standard.hooks.subprocess.SubprocessHook"}
{"timestamp":"2026-08-22T19:16:57.452736","level":"info","event":"\u001b[0m19:16:57  17 of 30 OK created sql table model marts.dim_restaurants ...................... [\u001b[32mSUCCESS 1\u001b[0m in 1.26s]","logger":"airflow.task.hooks.airflow.providers.standard.hooks.subprocess.SubprocessHook"}
{"timestamp":"2026-08-22T19:16:57.865590","level":"info","event":"\u001b[0m19:16:57  19 of 30 OK created sql table model marts.dim_customer ......................... [\u001b[32mSUCCESS 1\u001b[0m in 1.50s]","logger":"airflow.task.hooks.airflow.providers.standard.hooks.subprocess.SubprocessHook"}
{"timestamp":"2026-08-22T19:16:57.960188","level":"info","event":"\u001b[0m19:16:57  20 of 30 PASS not_null_stage_reviews_review_id ................................. [\u001b[32mPASS\u001b[0m in 0.94s]","logger":"airflow.task.hooks.airflow.providers.standard.hooks.subprocess.SubprocessHook"}
{"timestamp":"2026-08-22T19:16:58.075682","level":"info","event":"\u001b[0m19:16:58  21 of 30 PASS unique_stage_reviews_review_id ................................... [\u001b[32mPASS\u001b[0m in 1.05s]","logger":"airflow.task.hooks.airflow.providers.standard.hooks.subprocess.SubprocessHook"}
{"timestamp":"2026-08-22T19:16:59.662385","level":"info","event":"\u001b[0m19:16:59  23 of 30 OK created sql incremental model marts.fact_orders .................... [\u001b[32mSUCCESS 0\u001b[0m in 2.53s]","logger":"airflow.task.hooks.airflow.providers.standard.hooks.subprocess.SubprocessHook"}
{"timestamp":"2026-08-22T19:16:59.667468","level":"info","event":"\u001b[0m19:16:59  24 of 30 START test accepted_values_fact_orders_order_status__Delivered__Cancelled__Refunded  [RUN]","logger":"airflow.task.hooks.airflow.providers.standard.hooks.subprocess.SubprocessHook"}
{"timestamp":"2026-08-22T19:16:59.671406","level":"info","event":"\u001b[0m19:16:59  25 of 30 START test not_null_fact_orders_order_id .............................. [RUN]","logger":"airflow.task.hooks.airflow.providers.standard.hooks.subprocess.SubprocessHook"}
{"timestamp":"2026-08-22T19:16:59.674843","level":"info","event":"\u001b[0m19:16:59  26 of 30 START test relationships_fact_orders_customer_id__customer_id__ref_dim_customer_  [RUN]","logger":"airflow.task.hooks.airflow.providers.standard.hooks.subprocess.SubprocessHook"}
{"timestamp":"2026-08-22T19:16:59.677684","level":"info","event":"\u001b[0m19:16:59  27 of 30 START test unique_fact_orders_order_id ................................ [RUN]","logger":"airflow.task.hooks.airflow.providers.standard.hooks.subprocess.SubprocessHook"}
{"timestamp":"2026-08-22T19:16:59.750357","level":"info","event":"\u001b[0m19:16:59  22 of 30 OK created sql incremental model marts.fact_order_items ............... [\u001b[32mSUCCESS 0\u001b[0m in 2.62s]","logger":"airflow.task.hooks.airflow.providers.standard.hooks.subprocess.SubprocessHook"}
{"timestamp":"2026-08-22T19:17:00.587184","level":"info","event":"\u001b[0m19:17:00  25 of 30 PASS not_null_fact_orders_order_id .................................... [\u001b[32mPASS\u001b[0m in 0.91s]","logger":"airflow.task.hooks.airflow.providers.standard.hooks.subprocess.SubprocessHook"}
{"timestamp":"2026-08-22T19:17:00.914511","level":"info","event":"\u001b[0m19:17:00  24 of 30 PASS accepted_values_fact_orders_order_status__Delivered__Cancelled__Refunded  [\u001b[32mPASS\u001b[0m in 1.24s]","logger":"airflow.task.hooks.airflow.providers.standard.hooks.subprocess.SubprocessHook"}
{"timestamp":"2026-08-22T19:17:01.032451","level":"info","event":"\u001b[0m19:17:01  26 of 30 PASS relationships_fact_orders_customer_id__customer_id__ref_dim_customer_  [\u001b[32mPASS\u001b[0m in 1.35s]","logger":"airflow.task.hooks.airflow.providers.standard.hooks.subprocess.SubprocessHook"}
{"timestamp":"2026-08-22T19:17:01.179354","level":"info","event":"\u001b[0m19:17:01  27 of 30 PASS unique_fact_orders_order_id ...................................... [\u001b[32mPASS\u001b[0m in 1.50s]","logger":"airflow.task.hooks.airflow.providers.standard.hooks.subprocess.SubprocessHook"}
{"timestamp":"2026-08-22T19:17:01.190236","level":"info","event":"\u001b[0m19:17:01  28 of 30 START sql table model marts.mart_daily_city_revenue ................... [RUN]","logger":"airflow.task.hooks.airflow.providers.standard.hooks.subprocess.SubprocessHook"}
{"timestamp":"2026-08-22T19:17:01.191397","level":"info","event":"\u001b[0m19:17:01  29 of 30 START sql table model marts.mart_delivery_sla ......................... [RUN]","logger":"airflow.task.hooks.airflow.providers.standard.hooks.subprocess.SubprocessHook"}
{"timestamp":"2026-08-22T19:17:01.192436","level":"info","event":"\u001b[0m19:17:01  30 of 30 START sql table model marts.mart_restaurant_performance ............... [RUN]","logger":"airflow.task.hooks.airflow.providers.standard.hooks.subprocess.SubprocessHook"}
{"timestamp":"2026-08-22T19:17:04.486977","level":"info","event":"\u001b[0m19:17:04  28 of 30 OK created sql table model marts.mart_daily_city_revenue .............. [\u001b[32mSUCCESS 1\u001b[0m in 3.29s]","logger":"airflow.task.hooks.airflow.providers.standard.hooks.subprocess.SubprocessHook"}
{"timestamp":"2026-08-22T19:17:04.678383","level":"info","event":"\u001b[0m19:17:04  29 of 30 OK created sql table model marts.mart_delivery_sla .................... [\u001b[32mSUCCESS 1\u001b[0m in 3.48s]","logger":"airflow.task.hooks.airflow.providers.standard.hooks.subprocess.SubprocessHook"}
{"timestamp":"2026-08-22T19:17:05.764300","level":"info","event":"\u001b[0m19:17:05  30 of 30 OK created sql table model marts.mart_restaurant_performance .......... [\u001b[32mSUCCESS 1\u001b[0m in 4.57s]","logger":"airflow.task.hooks.airflow.providers.standard.hooks.subprocess.SubprocessHook"}
{"timestamp":"2026-08-22T19:17:05.776886","level":"info","event":"\u001b[0m19:17:05","logger":"airflow.task.hooks.airflow.providers.standard.hooks.subprocess.SubprocessHook"}
{"timestamp":"2026-08-22T19:17:05.777374","level":"info","event":"\u001b[0m19:17:05  Finished running 2 incremental models, 5 table models, 16 data tests, 7 view models in 0 hours 0 minutes and 14.46 seconds (14.46s).","logger":"airflow.task.hooks.airflow.providers.standard.hooks.subprocess.SubprocessHook"}
{"timestamp":"2026-08-22T19:17:05.895364","level":"info","event":"\u001b[0m19:17:05","logger":"airflow.task.hooks.airflow.providers.standard.hooks.subprocess.SubprocessHook"}
{"timestamp":"2026-08-22T19:17:05.895853","level":"info","event":"\u001b[0m19:17:05  \u001b[32mCompleted successfully\u001b[0m","logger":"airflow.task.hooks.airflow.providers.standard.hooks.subprocess.SubprocessHook"}
{"timestamp":"2026-08-22T19:17:05.896431","level":"info","event":"\u001b[0m19:17:05","logger":"airflow.task.hooks.airflow.providers.standard.hooks.subprocess.SubprocessHook"}
{"timestamp":"2026-08-22T19:17:05.896930","level":"info","event":"\u001b[0m19:17:05  Done. PASS=30 WARN=0 ERROR=0 SKIP=0 NO-OP=0 REUSED=0 TOTAL=30","logger":"airflow.task.hooks.airflow.providers.standard.hooks.subprocess.SubprocessHook"}
{"timestamp":"2026-08-22T19:17:05.898932","level":"info","event":"\u001b[0m19:17:05  [\u001b[33mWARNING\u001b[0m][DeprecationsSummary]: Deprecated functionality","logger":"airflow.task.hooks.airflow.providers.standard.hooks.subprocess.SubprocessHook"}
{"timestamp":"2026-08-22T19:17:05.899038","level":"info","event":"Summary of encountered deprecations:","logger":"airflow.task.hooks.airflow.providers.standard.hooks.subprocess.SubprocessHook"}
{"timestamp":"2026-08-22T19:17:05.899106","level":"info","event":"- MissingArgumentsPropertyInGenericTestDeprecation: 2 occurrences","logger":"airflow.task.hooks.airflow.providers.standard.hooks.subprocess.SubprocessHook"}
{"timestamp":"2026-08-22T19:17:05.899165","level":"info","event":"To see all deprecation instances instead of just the first occurrence of each,","logger":"airflow.task.hooks.airflow.providers.standard.hooks.subprocess.SubprocessHook"}
{"timestamp":"2026-08-22T19:17:05.899209","level":"info","event":"run command again with the `--show-all-deprecations` flag. You may also need to","logger":"airflow.task.hooks.airflow.providers.standard.hooks.subprocess.SubprocessHook"}
{"timestamp":"2026-08-22T19:17:05.899251","level":"info","event":"run with `--no-partial-parse` as some deprecations are only encountered during","logger":"airflow.task.hooks.airflow.providers.standard.hooks.subprocess.SubprocessHook"}
{"timestamp":"2026-08-22T19:17:05.899277","level":"info","event":"parsing.","logger":"airflow.task.hooks.airflow.providers.standard.hooks.subprocess.SubprocessHook"}
{"timestamp":"2026-08-22T19:17:09.273362","level":"info","event":"Command exited with return code 0","logger":"airflow.task.hooks.airflow.providers.standard.hooks.subprocess.SubprocessHook"}
{"timestamp":"2026-08-22T19:17:09.300579","level":"info","event":"Pushing xcom","ti":"RuntimeTaskInstance(id=UUID('01a02ae7-1cc0-7538-bbf7-fbc911f3f736'), task_id='dbt_build_core', dag_id='zomato_batch', run_id='manual__2026-08-22T19:16:24.364553+00:00', try_number=1, map_index=-1, hostname='59837d5115a4', context_carrier=None, task=<Task(BashOperator): dbt_build_core>, bundle_instance=LocalDagBundle(name=dags-folder), max_tries=0, start_date=datetime.datetime(2026, 8, 22, 19, 16, 45, 941342, tzinfo=datetime.timezone.utc), end_date=None, state=<TaskInstanceState.RUNNING: 'running'>, is_mapped=False, rendered_map_index=None, log_url='http://localhost:8080/dags/zomato_batch/runs/manual__2026-08-22T19%3A16%3A24.364553%2B00%3A00/tasks/dbt_build_core?try_number=1')","logger":"task"}
