{"timestamp":"2026-08-22T19:17:31.485049","level":"info","event":"DAG bundles loaded: dags-folder","logger":"airflow.dag_processing.bundles.manager.DagBundlesManager"}
{"timestamp":"2026-08-22T19:17:31.485613","level":"info","event":"Filling up the DagBag from /opt/airflow/dags/zomato_batch.py","logger":"airflow.models.dagbag.DagBag"}
{"timestamp":"2026-08-22T19:17:31.559302","level":"info","event":"Tmp dir root location: /tmp","logger":"airflow.task.hooks.airflow.providers.standard.hooks.subprocess.SubprocessHook"}
{"timestamp":"2026-08-22T19:17:31.560170","level":"info","event":"Running command: ['/usr/bin/bash', '-c', '/opt/airflow/dbt_venv/bin/dbt build --select tag:ai --project-dir /opt/airflow/dbt/zomato --profiles-dir /opt/airflow/dbt/zomato']","logger":"airflow.task.hooks.airflow.providers.standard.hooks.subprocess.SubprocessHook"}
{"timestamp":"2026-08-22T19:17:31.567706","level":"info","event":"Output:","logger":"airflow.task.hooks.airflow.providers.standard.hooks.subprocess.SubprocessHook"}
{"timestamp":"2026-08-22T19:17:33.086080","level":"info","event":"\u001b[0m19:17:33  Running with dbt=1.12.2","logger":"airflow.task.hooks.airflow.providers.standard.hooks.subprocess.SubprocessHook"}
{"timestamp":"2026-08-22T19:17:33.540367","level":"info","event":"\u001b[0m19:17:33  Registered adapter: snowflake=1.8.4","logger":"airflow.task.hooks.airflow.providers.standard.hooks.subprocess.SubprocessHook"}
{"timestamp":"2026-08-22T19:17:33.706047","level":"info","event":"\u001b[0m19:17:33  [\u001b[33mWARNING\u001b[0m]: Configuration paths exist in your dbt_project.yml file which do not apply to any resources.","logger":"airflow.task.hooks.airflow.providers.standard.hooks.subprocess.SubprocessHook"}
{"timestamp":"2026-08-22T19:17:33.706196","level":"info","event":"There are 1 unused configuration paths:","logger":"airflow.task.hooks.airflow.providers.standard.hooks.subprocess.SubprocessHook"}
{"timestamp":"2026-08-22T19:17:33.706269","level":"info","event":"- models.snapshot.zomato","logger":"airflow.task.hooks.airflow.providers.standard.hooks.subprocess.SubprocessHook"}
{"timestamp":"2026-08-22T19:17:33.840568","level":"info","event":"\u001b[0m19:17:33  Found 17 models, 16 data tests, 8 sources, 506 macros","logger":"airflow.task.hooks.airflow.providers.standard.hooks.subprocess.SubprocessHook"}
{"timestamp":"2026-08-22T19:17:33.842046","level":"info","event":"\u001b[0m19:17:33","logger":"airflow.task.hooks.airflow.providers.standard.hooks.subprocess.SubprocessHook"}
{"timestamp":"2026-08-22T19:17:33.842306","level":"info","event":"\u001b[0m19:17:33  Concurrency: 8 threads (target='dev')","logger":"airflow.task.hooks.airflow.providers.standard.hooks.subprocess.SubprocessHook"}
{"timestamp":"2026-08-22T19:17:33.842609","level":"info","event":"\u001b[0m19:17:33","logger":"airflow.task.hooks.airflow.providers.standard.hooks.subprocess.SubprocessHook"}
{"timestamp":"2026-08-22T19:17:40.538534","level":"info","event":"\u001b[0m19:17:40  1 of 1 START sql table model marts.marts_reviews_insights ...................... [RUN]","logger":"airflow.task.hooks.airflow.providers.standard.hooks.subprocess.SubprocessHook"}
{"timestamp":"2026-08-22T19:17:42.151645","level":"info","event":"\u001b[0m19:17:42  1 of 1 OK created sql table model marts.marts_reviews_insights ................. [\u001b[32mSUCCESS 1\u001b[0m in 1.61s]","logger":"airflow.task.hooks.airflow.providers.standard.hooks.subprocess.SubprocessHook"}
{"timestamp":"2026-08-22T19:17:42.159870","level":"info","event":"\u001b[0m19:17:42","logger":"airflow.task.hooks.airflow.providers.standard.hooks.subprocess.SubprocessHook"}
{"timestamp":"2026-08-22T19:17:42.160789","level":"info","event":"\u001b[0m19:17:42  Finished running 1 table model in 0 hours 0 minutes and 8.32 seconds (8.32s).","logger":"airflow.task.hooks.airflow.providers.standard.hooks.subprocess.SubprocessHook"}
{"timestamp":"2026-08-22T19:17:42.243286","level":"info","event":"\u001b[0m19:17:42","logger":"airflow.task.hooks.airflow.providers.standard.hooks.subprocess.SubprocessHook"}
{"timestamp":"2026-08-22T19:17:42.244076","level":"info","event":"\u001b[0m19:17:42  \u001b[32mCompleted successfully\u001b[0m","logger":"airflow.task.hooks.airflow.providers.standard.hooks.subprocess.SubprocessHook"}
{"timestamp":"2026-08-22T19:17:42.244342","level":"info","event":"\u001b[0m19:17:42","logger":"airflow.task.hooks.airflow.providers.standard.hooks.subprocess.SubprocessHook"}
{"timestamp":"2026-08-22T19:17:42.244807","level":"info","event":"\u001b[0m19:17:42  Done. PASS=1 WARN=0 ERROR=0 SKIP=0 NO-OP=0 REUSED=0 TOTAL=1","logger":"airflow.task.hooks.airflow.providers.standard.hooks.subprocess.SubprocessHook"}
{"timestamp":"2026-08-22T19:17:43.847492","level":"info","event":"Command exited with return code 0","logger":"airflow.task.hooks.airflow.providers.standard.hooks.subprocess.SubprocessHook"}
{"timestamp":"2026-08-22T19:17:43.853986","level":"info","event":"Pushing xcom","ti":"RuntimeTaskInstance(id=UUID('01a02ae7-1cc2-7eb0-bb28-b98c67bcada0'), task_id='dbt_build_ai', dag_id='zomato_batch', run_id='manual__2026-08-22T19:16:24.364553+00:00', try_number=1, map_index=-1, hostname='59837d5115a4', context_carrier=None, task=<Task(BashOperator): dbt_build_ai>, bundle_instance=LocalDagBundle(name=dags-folder), max_tries=0, start_date=datetime.datetime(2026, 8, 22, 19, 17, 31, 401934, tzinfo=datetime.timezone.utc), end_date=None, state=<TaskInstanceState.RUNNING: 'running'>, is_mapped=False, rendered_map_index=None, log_url='http://localhost:8080/dags/zomato_batch/runs/manual__2026-08-22T19%3A16%3A24.364553%2B00%3A00/tasks/dbt_build_ai?try_number=1')","logger":"task"}
